2025-08-08 23:08:27,133 - INFO - PerformanceLogger initialized with log file: performance_log.json
2025-08-08 23:08:27,134 - INFO - Using MockProvider.
2025-08-08 23:08:27,134 - INFO - GeneArchive initialized.
2025-08-08 23:08:27,134 - INFO - Executing in 'evolution' mode.
2025-08-08 23:08:27,134 - INFO - --- Starting Evolution Mode ---
2025-08-08 23:08:27,134 - INFO - --- Starting Evolutionary Cycle for toy_problem/inefficient_sort.py ---
2025-08-08 23:08:27,134 - INFO - Added gene gen_0_individual_0 to the archive.
2025-08-08 23:08:27,134 - INFO - --- Generation 1 ---
2025-08-08 23:08:27,135 - INFO - CoderAgent: Mutation attempt 1
2025-08-08 23:08:27,135 - INFO - CompilerTool: Compiling temp_coder_output.py within the sandbox.
2025-08-08 23:08:27,137 - INFO - CompilerTool: temp_coder_output.py compiled successfully.
2025-08-08 23:08:27,137 - INFO - StaticAnalyzerTool: Analyzing temp_coder_output.py with pyflakes within the sandbox.
2025-08-08 23:08:27,178 - WARNING - StaticAnalyzerTool: Static analysis found issues in temp_coder_output.py.
2025-08-08 23:08:27,178 - INFO - CoderAgent: Mutation attempt 1
2025-08-08 23:08:27,178 - INFO - CompilerTool: Compiling temp_coder_output.py within the sandbox.
2025-08-08 23:08:27,179 - INFO - CompilerTool: temp_coder_output.py compiled successfully.
2025-08-08 23:08:27,179 - INFO - StaticAnalyzerTool: Analyzing temp_coder_output.py with pyflakes within the sandbox.
2025-08-08 23:08:27,201 - WARNING - StaticAnalyzerTool: Static analysis found issues in temp_coder_output.py.
2025-08-08 23:08:27,201 - INFO - CoderAgent: Mutation attempt 1
2025-08-08 23:08:27,201 - INFO - CompilerTool: Compiling temp_coder_output.py within the sandbox.
2025-08-08 23:08:27,202 - INFO - CompilerTool: temp_coder_output.py compiled successfully.
2025-08-08 23:08:27,202 - INFO - StaticAnalyzerTool: Analyzing temp_coder_output.py with pyflakes within the sandbox.
2025-08-08 23:08:27,246 - WARNING - StaticAnalyzerTool: Static analysis found issues in temp_coder_output.py.
2025-08-08 23:08:27,246 - INFO - CoderAgent: Mutation attempt 1
2025-08-08 23:08:27,246 - INFO - CompilerTool: Compiling temp_coder_output.py within the sandbox.
2025-08-08 23:08:27,247 - INFO - CompilerTool: temp_coder_output.py compiled successfully.
2025-08-08 23:08:27,247 - INFO - StaticAnalyzerTool: Analyzing temp_coder_output.py with pyflakes within the sandbox.
2025-08-08 23:08:27,269 - WARNING - StaticAnalyzerTool: Static analysis found issues in temp_coder_output.py.
2025-08-08 23:08:27,269 - INFO - CoderAgent: Mocking successful mutation.
2025-08-08 23:08:27,269 - INFO - CoderAgent: Mutation attempt 1
2025-08-08 23:08:27,270 - INFO - CompilerTool: Compiling temp_coder_output.py within the sandbox.
2025-08-08 23:08:27,270 - INFO - CompilerTool: temp_coder_output.py compiled successfully.
2025-08-08 23:08:27,271 - INFO - StaticAnalyzerTool: Analyzing temp_coder_output.py with pyflakes within the sandbox.
2025-08-08 23:08:27,292 - WARNING - StaticAnalyzerTool: Static analysis found issues in temp_coder_output.py.
2025-08-08 23:08:27,293 - INFO - CoderAgent: Mutation attempt 1
2025-08-08 23:08:27,293 - INFO - CompilerTool: Compiling temp_coder_output.py within the sandbox.
2025-08-08 23:08:27,294 - INFO - CompilerTool: temp_coder_output.py compiled successfully.
2025-08-08 23:08:27,294 - INFO - StaticAnalyzerTool: Analyzing temp_coder_output.py with pyflakes within the sandbox.
2025-08-08 23:08:27,340 - WARNING - StaticAnalyzerTool: Static analysis found issues in temp_coder_output.py.
2025-08-08 23:08:27,340 - INFO - CoderAgent: Mocking successful mutation.
2025-08-08 23:08:27,340 - INFO - CoderAgent: Mutation attempt 1
2025-08-08 23:08:27,340 - INFO - CompilerTool: Compiling temp_coder_output.py within the sandbox.
2025-08-08 23:08:27,341 - INFO - CompilerTool: temp_coder_output.py compiled successfully.
2025-08-08 23:08:27,341 - INFO - StaticAnalyzerTool: Analyzing temp_coder_output.py with pyflakes within the sandbox.
2025-08-08 23:08:27,364 - WARNING - StaticAnalyzerTool: Static analysis found issues in temp_coder_output.py.
2025-08-08 23:08:27,364 - INFO - CoderAgent: Mutation attempt 1
2025-08-08 23:08:27,364 - INFO - CompilerTool: Compiling temp_coder_output.py within the sandbox.
2025-08-08 23:08:27,365 - INFO - CompilerTool: temp_coder_output.py compiled successfully.
2025-08-08 23:08:27,365 - INFO - StaticAnalyzerTool: Analyzing temp_coder_output.py with pyflakes within the sandbox.
2025-08-08 23:08:27,387 - WARNING - StaticAnalyzerTool: Static analysis found issues in temp_coder_output.py.
2025-08-08 23:08:27,934 - WARNING - Gene gen_0_individual_0 already exists. Overwriting.
2025-08-08 23:08:27,934 - INFO - Added gene gen_0_individual_0 to the archive.
2025-08-08 23:08:28,276 - INFO - Added gene gen_0_individual_1 to the archive.
2025-08-08 23:08:28,699 - INFO - Added gene gen_0_individual_2 to the archive.
2025-08-08 23:08:29,042 - INFO - Added gene gen_0_individual_3 to the archive.
2025-08-08 23:08:29,529 - INFO - Added gene gen_0_individual_4 to the archive.
2025-08-08 23:08:29,880 - INFO - Added gene gen_0_individual_5 to the archive.
2025-08-08 23:08:30,224 - INFO - Added gene gen_0_individual_6 to the archive.
2025-08-08 23:08:30,569 - INFO - Added gene gen_0_individual_7 to the archive.
2025-08-08 23:08:30,915 - INFO - Added gene gen_0_individual_8 to the archive.
2025-08-08 23:08:31,262 - INFO - Added gene gen_0_individual_9 to the archive.
2025-08-08 23:08:31,613 - INFO - Added gene gen_0_individual_10 to the archive.
2025-08-08 23:08:31,613 - INFO - Best fitness in generation 1: 150
2025-08-08 23:08:31,613 - INFO - --- Generation 2 ---
2025-08-08 23:08:31,613 - INFO - CoderAgent: Crossover attempt 1
2025-08-08 23:08:31,613 - INFO - CompilerTool: Compiling temp_coder_output.py within the sandbox.
2025-08-08 23:08:31,614 - INFO - CompilerTool: temp_coder_output.py compiled successfully.
2025-08-08 23:08:31,614 - INFO - StaticAnalyzerTool: Analyzing temp_coder_output.py with pyflakes within the sandbox.
2025-08-08 23:08:31,636 - WARNING - StaticAnalyzerTool: Static analysis found issues in temp_coder_output.py.
2025-08-08 23:08:31,636 - INFO - CoderAgent: Mutation attempt 1
2025-08-08 23:08:31,637 - INFO - CompilerTool: Compiling temp_coder_output.py within the sandbox.
2025-08-08 23:08:31,637 - INFO - CompilerTool: temp_coder_output.py compiled successfully.
2025-08-08 23:08:31,638 - INFO - StaticAnalyzerTool: Analyzing temp_coder_output.py with pyflakes within the sandbox.
2025-08-08 23:08:31,659 - WARNING - StaticAnalyzerTool: Static analysis found issues in temp_coder_output.py.
2025-08-08 23:08:31,660 - INFO - CoderAgent: Mutation attempt 1
2025-08-08 23:08:31,660 - INFO - CompilerTool: Compiling temp_coder_output.py within the sandbox.
2025-08-08 23:08:31,661 - INFO - CompilerTool: temp_coder_output.py compiled successfully.
2025-08-08 23:08:31,661 - INFO - StaticAnalyzerTool: Analyzing temp_coder_output.py with pyflakes within the sandbox.
2025-08-08 23:08:31,683 - WARNING - StaticAnalyzerTool: Static analysis found issues in temp_coder_output.py.
2025-08-08 23:08:31,683 - INFO - CoderAgent: Mutation attempt 1
2025-08-08 23:08:31,683 - INFO - CompilerTool: Compiling temp_coder_output.py within the sandbox.
2025-08-08 23:08:31,684 - INFO - CompilerTool: temp_coder_output.py compiled successfully.
2025-08-08 23:08:31,684 - INFO - StaticAnalyzerTool: Analyzing temp_coder_output.py with pyflakes within the sandbox.
2025-08-08 23:08:31,706 - WARNING - StaticAnalyzerTool: Static analysis found issues in temp_coder_output.py.
2025-08-08 23:08:31,707 - INFO - CoderAgent: Mutation attempt 1
2025-08-08 23:08:31,707 - INFO - CompilerTool: Compiling temp_coder_output.py within the sandbox.
2025-08-08 23:08:31,708 - INFO - CompilerTool: temp_coder_output.py compiled successfully.
2025-08-08 23:08:31,708 - INFO - StaticAnalyzerTool: Analyzing temp_coder_output.py with pyflakes within the sandbox.
2025-08-08 23:08:31,730 - WARNING - StaticAnalyzerTool: Static analysis found issues in temp_coder_output.py.
2025-08-08 23:08:31,730 - INFO - CoderAgent: Crossover attempt 1
2025-08-08 23:08:31,730 - INFO - CompilerTool: Compiling temp_coder_output.py within the sandbox.
2025-08-08 23:08:31,731 - INFO - CompilerTool: temp_coder_output.py compiled successfully.
2025-08-08 23:08:31,731 - INFO - StaticAnalyzerTool: Analyzing temp_coder_output.py with pyflakes within the sandbox.
2025-08-08 23:08:31,754 - WARNING - StaticAnalyzerTool: Static analysis found issues in temp_coder_output.py.
2025-08-08 23:08:31,754 - INFO - CoderAgent: Crossover attempt 1
2025-08-08 23:08:31,754 - INFO - CompilerTool: Compiling temp_coder_output.py within the sandbox.
2025-08-08 23:08:31,755 - INFO - CompilerTool: temp_coder_output.py compiled successfully.
2025-08-08 23:08:31,755 - INFO - StaticAnalyzerTool: Analyzing temp_coder_output.py with pyflakes within the sandbox.
2025-08-08 23:08:31,778 - WARNING - StaticAnalyzerTool: Static analysis found issues in temp_coder_output.py.
2025-08-08 23:08:31,778 - INFO - CoderAgent: Crossover attempt 1
2025-08-08 23:08:31,778 - INFO - CompilerTool: Compiling temp_coder_output.py within the sandbox.
2025-08-08 23:08:31,779 - INFO - CompilerTool: temp_coder_output.py compiled successfully.
2025-08-08 23:08:31,779 - INFO - StaticAnalyzerTool: Analyzing temp_coder_output.py with pyflakes within the sandbox.
2025-08-08 23:08:31,802 - WARNING - StaticAnalyzerTool: Static analysis found issues in temp_coder_output.py.
2025-08-08 23:08:31,802 - INFO - CoderAgent: Mutation attempt 1
2025-08-08 23:08:31,803 - INFO - CompilerTool: Compiling temp_coder_output.py within the sandbox.
2025-08-08 23:08:31,803 - INFO - CompilerTool: temp_coder_output.py compiled successfully.
2025-08-08 23:08:31,803 - INFO - StaticAnalyzerTool: Analyzing temp_coder_output.py with pyflakes within the sandbox.
2025-08-08 23:08:31,825 - WARNING - StaticAnalyzerTool: Static analysis found issues in temp_coder_output.py.
2025-08-08 23:08:31,826 - INFO - CoderAgent: Mutation attempt 1
2025-08-08 23:08:31,826 - INFO - CompilerTool: Compiling temp_coder_output.py within the sandbox.
2025-08-08 23:08:31,827 - INFO - CompilerTool: temp_coder_output.py compiled successfully.
2025-08-08 23:08:31,827 - INFO - StaticAnalyzerTool: Analyzing temp_coder_output.py with pyflakes within the sandbox.
2025-08-08 23:08:31,848 - WARNING - StaticAnalyzerTool: Static analysis found issues in temp_coder_output.py.
2025-08-08 23:08:32,194 - INFO - Added gene gen_1_individual_0 to the archive.
2025-08-08 23:08:32,549 - INFO - Added gene gen_1_individual_1 to the archive.
2025-08-08 23:08:32,910 - INFO - Added gene gen_1_individual_2 to the archive.
2025-08-08 23:08:33,275 - INFO - Added gene gen_1_individual_3 to the archive.
2025-08-08 23:08:33,630 - INFO - Added gene gen_1_individual_4 to the archive.
2025-08-08 23:08:33,977 - INFO - Added gene gen_1_individual_5 to the archive.
2025-08-08 23:08:34,327 - INFO - Added gene gen_1_individual_6 to the archive.
2025-08-08 23:08:34,685 - INFO - Added gene gen_1_individual_7 to the archive.
2025-08-08 23:08:35,034 - INFO - Added gene gen_1_individual_8 to the archive.
2025-08-08 23:08:35,382 - INFO - Added gene gen_1_individual_9 to the archive.
2025-08-08 23:08:35,727 - INFO - Added gene gen_1_individual_10 to the archive.
2025-08-08 23:08:36,075 - INFO - Added gene gen_1_individual_11 to the archive.
2025-08-08 23:08:36,431 - INFO - Added gene gen_1_individual_12 to the archive.
2025-08-08 23:08:36,779 - INFO - Added gene gen_1_individual_13 to the archive.
2025-08-08 23:08:37,131 - INFO - Added gene gen_1_individual_14 to the archive.
2025-08-08 23:08:37,486 - INFO - Added gene gen_1_individual_15 to the archive.
2025-08-08 23:08:37,834 - INFO - Added gene gen_1_individual_16 to the archive.
2025-08-08 23:08:38,182 - INFO - Added gene gen_1_individual_17 to the archive.
2025-08-08 23:08:38,532 - INFO - Added gene gen_1_individual_18 to the archive.
2025-08-08 23:08:38,945 - INFO - Added gene gen_1_individual_19 to the archive.
2025-08-08 23:08:38,945 - INFO - Best fitness in generation 2: 150
2025-08-08 23:08:38,945 - INFO - --- Generation 3 ---
2025-08-08 23:08:38,945 - INFO - CoderAgent: Mutation attempt 1
2025-08-08 23:08:38,945 - INFO - CompilerTool: Compiling temp_coder_output.py within the sandbox.
2025-08-08 23:08:38,946 - INFO - CompilerTool: temp_coder_output.py compiled successfully.
2025-08-08 23:08:38,946 - INFO - StaticAnalyzerTool: Analyzing temp_coder_output.py with pyflakes within the sandbox.
2025-08-08 23:08:38,968 - WARNING - StaticAnalyzerTool: Static analysis found issues in temp_coder_output.py.
2025-08-08 23:08:38,968 - INFO - CoderAgent: Crossover attempt 1
2025-08-08 23:08:38,969 - INFO - CompilerTool: Compiling temp_coder_output.py within the sandbox.
2025-08-08 23:08:38,969 - INFO - CompilerTool: temp_coder_output.py compiled successfully.
2025-08-08 23:08:38,969 - INFO - StaticAnalyzerTool: Analyzing temp_coder_output.py with pyflakes within the sandbox.
2025-08-08 23:08:38,991 - WARNING - StaticAnalyzerTool: Static analysis found issues in temp_coder_output.py.
2025-08-08 23:08:38,992 - INFO - CoderAgent: Crossover attempt 1
2025-08-08 23:08:38,992 - INFO - CompilerTool: Compiling temp_coder_output.py within the sandbox.
2025-08-08 23:08:38,993 - INFO - CompilerTool: temp_coder_output.py compiled successfully.
2025-08-08 23:08:38,993 - INFO - StaticAnalyzerTool: Analyzing temp_coder_output.py with pyflakes within the sandbox.
2025-08-08 23:08:39,015 - WARNING - StaticAnalyzerTool: Static analysis found issues in temp_coder_output.py.
2025-08-08 23:08:39,015 - INFO - CoderAgent: Mocking successful mutation.
2025-08-08 23:08:39,015 - INFO - CoderAgent: Crossover attempt 1
2025-08-08 23:08:39,016 - INFO - CompilerTool: Compiling temp_coder_output.py within the sandbox.
2025-08-08 23:08:39,016 - INFO - CompilerTool: temp_coder_output.py compiled successfully.
2025-08-08 23:08:39,016 - INFO - StaticAnalyzerTool: Analyzing temp_coder_output.py with pyflakes within the sandbox.
2025-08-08 23:08:39,039 - WARNING - StaticAnalyzerTool: Static analysis found issues in temp_coder_output.py.
2025-08-08 23:08:39,039 - INFO - CoderAgent: Mocking successful mutation.
2025-08-08 23:08:39,039 - INFO - CoderAgent: Mutation attempt 1
2025-08-08 23:08:39,039 - INFO - CompilerTool: Compiling temp_coder_output.py within the sandbox.
2025-08-08 23:08:39,040 - INFO - CompilerTool: temp_coder_output.py compiled successfully.
2025-08-08 23:08:39,040 - INFO - StaticAnalyzerTool: Analyzing temp_coder_output.py with pyflakes within the sandbox.
2025-08-08 23:08:39,061 - WARNING - StaticAnalyzerTool: Static analysis found issues in temp_coder_output.py.
2025-08-08 23:08:39,062 - INFO - CoderAgent: Crossover attempt 1
2025-08-08 23:08:39,062 - INFO - CompilerTool: Compiling temp_coder_output.py within the sandbox.
2025-08-08 23:08:39,062 - INFO - CompilerTool: temp_coder_output.py compiled successfully.
2025-08-08 23:08:39,063 - INFO - StaticAnalyzerTool: Analyzing temp_coder_output.py with pyflakes within the sandbox.
2025-08-08 23:08:39,086 - WARNING - StaticAnalyzerTool: Static analysis found issues in temp_coder_output.py.
2025-08-08 23:08:39,086 - INFO - CoderAgent: Mutation attempt 1
2025-08-08 23:08:39,086 - INFO - CompilerTool: Compiling temp_coder_output.py within the sandbox.
2025-08-08 23:08:39,087 - INFO - CompilerTool: temp_coder_output.py compiled successfully.
2025-08-08 23:08:39,087 - INFO - StaticAnalyzerTool: Analyzing temp_coder_output.py with pyflakes within the sandbox.
2025-08-08 23:08:39,108 - WARNING - StaticAnalyzerTool: Static analysis found issues in temp_coder_output.py.
2025-08-08 23:08:39,109 - INFO - CoderAgent: Mutation attempt 1
2025-08-08 23:08:39,109 - INFO - CompilerTool: Compiling temp_coder_output.py within the sandbox.
2025-08-08 23:08:39,110 - INFO - CompilerTool: temp_coder_output.py compiled successfully.
2025-08-08 23:08:39,110 - INFO - StaticAnalyzerTool: Analyzing temp_coder_output.py with pyflakes within the sandbox.
2025-08-08 23:08:39,132 - WARNING - StaticAnalyzerTool: Static analysis found issues in temp_coder_output.py.
2025-08-08 23:08:39,495 - INFO - Added gene gen_2_individual_0 to the archive.
2025-08-08 23:08:39,841 - INFO - Added gene gen_2_individual_1 to the archive.
2025-08-08 23:08:40,181 - INFO - Added gene gen_2_individual_2 to the archive.
2025-08-08 23:08:40,535 - INFO - Added gene gen_2_individual_3 to the archive.
2025-08-08 23:08:40,888 - INFO - Added gene gen_2_individual_4 to the archive.
2025-08-08 23:08:41,231 - INFO - Added gene gen_2_individual_5 to the archive.
2025-08-08 23:08:41,593 - INFO - Added gene gen_2_individual_6 to the archive.
2025-08-08 23:08:41,961 - INFO - Added gene gen_2_individual_7 to the archive.
2025-08-08 23:08:42,306 - INFO - Added gene gen_2_individual_8 to the archive.
2025-08-08 23:08:42,660 - INFO - Added gene gen_2_individual_9 to the archive.
2025-08-08 23:08:43,003 - INFO - Added gene gen_2_individual_10 to the archive.
2025-08-08 23:08:43,357 - INFO - Added gene gen_2_individual_11 to the archive.
2025-08-08 23:08:43,720 - INFO - Added gene gen_2_individual_12 to the archive.
2025-08-08 23:08:44,067 - INFO - Added gene gen_2_individual_13 to the archive.
2025-08-08 23:08:44,418 - INFO - Added gene gen_2_individual_14 to the archive.
2025-08-08 23:08:44,782 - INFO - Added gene gen_2_individual_15 to the archive.
2025-08-08 23:08:45,137 - INFO - Added gene gen_2_individual_16 to the archive.
2025-08-08 23:08:45,502 - INFO - Added gene gen_2_individual_17 to the archive.
2025-08-08 23:08:45,855 - INFO - Added gene gen_2_individual_18 to the archive.
2025-08-08 23:08:46,204 - INFO - Added gene gen_2_individual_19 to the archive.
2025-08-08 23:08:46,204 - INFO - Best fitness in generation 3: 150
2025-08-08 23:08:46,204 - INFO - --- Generation 4 ---
2025-08-08 23:08:46,205 - INFO - CoderAgent: Mutation attempt 1
2025-08-08 23:08:46,205 - INFO - CompilerTool: Compiling temp_coder_output.py within the sandbox.
2025-08-08 23:08:46,205 - INFO - CompilerTool: temp_coder_output.py compiled successfully.
2025-08-08 23:08:46,205 - INFO - StaticAnalyzerTool: Analyzing temp_coder_output.py with pyflakes within the sandbox.
2025-08-08 23:08:46,228 - WARNING - StaticAnalyzerTool: Static analysis found issues in temp_coder_output.py.
2025-08-08 23:08:46,228 - INFO - CoderAgent: Mutation attempt 1
2025-08-08 23:08:46,229 - INFO - CompilerTool: Compiling temp_coder_output.py within the sandbox.
2025-08-08 23:08:46,229 - INFO - CompilerTool: temp_coder_output.py compiled successfully.
2025-08-08 23:08:46,230 - INFO - StaticAnalyzerTool: Analyzing temp_coder_output.py with pyflakes within the sandbox.
2025-08-08 23:08:46,252 - WARNING - StaticAnalyzerTool: Static analysis found issues in temp_coder_output.py.
2025-08-08 23:08:46,252 - INFO - CoderAgent: Mutation attempt 1
2025-08-08 23:08:46,252 - INFO - CompilerTool: Compiling temp_coder_output.py within the sandbox.
2025-08-08 23:08:46,253 - INFO - CompilerTool: temp_coder_output.py compiled successfully.
2025-08-08 23:08:46,253 - INFO - StaticAnalyzerTool: Analyzing temp_coder_output.py with pyflakes within the sandbox.
2025-08-08 23:08:46,276 - WARNING - StaticAnalyzerTool: Static analysis found issues in temp_coder_output.py.
2025-08-08 23:08:46,277 - INFO - CoderAgent: Crossover attempt 1
2025-08-08 23:08:46,277 - INFO - CompilerTool: Compiling temp_coder_output.py within the sandbox.
2025-08-08 23:08:46,278 - INFO - CompilerTool: temp_coder_output.py compiled successfully.
2025-08-08 23:08:46,278 - INFO - StaticAnalyzerTool: Analyzing temp_coder_output.py with pyflakes within the sandbox.
2025-08-08 23:08:46,301 - WARNING - StaticAnalyzerTool: Static analysis found issues in temp_coder_output.py.
2025-08-08 23:08:46,301 - INFO - CoderAgent: Mutation attempt 1
2025-08-08 23:08:46,301 - INFO - CompilerTool: Compiling temp_coder_output.py within the sandbox.
2025-08-08 23:08:46,302 - INFO - CompilerTool: temp_coder_output.py compiled successfully.
2025-08-08 23:08:46,302 - INFO - StaticAnalyzerTool: Analyzing temp_coder_output.py with pyflakes within the sandbox.
2025-08-08 23:08:46,325 - WARNING - StaticAnalyzerTool: Static analysis found issues in temp_coder_output.py.
2025-08-08 23:08:46,325 - INFO - CoderAgent: Mutation attempt 1
2025-08-08 23:08:46,325 - INFO - CompilerTool: Compiling temp_coder_output.py within the sandbox.
2025-08-08 23:08:46,326 - INFO - CompilerTool: temp_coder_output.py compiled successfully.
2025-08-08 23:08:46,326 - INFO - StaticAnalyzerTool: Analyzing temp_coder_output.py with pyflakes within the sandbox.
2025-08-08 23:08:46,348 - WARNING - StaticAnalyzerTool: Static analysis found issues in temp_coder_output.py.
2025-08-08 23:08:46,349 - INFO - CoderAgent: Crossover attempt 1
2025-08-08 23:08:46,349 - INFO - CompilerTool: Compiling temp_coder_output.py within the sandbox.
2025-08-08 23:08:46,350 - INFO - CompilerTool: temp_coder_output.py compiled successfully.
2025-08-08 23:08:46,350 - INFO - StaticAnalyzerTool: Analyzing temp_coder_output.py with pyflakes within the sandbox.
2025-08-08 23:08:46,373 - WARNING - StaticAnalyzerTool: Static analysis found issues in temp_coder_output.py.
2025-08-08 23:08:46,373 - INFO - CoderAgent: Crossover attempt 1
2025-08-08 23:08:46,374 - INFO - CompilerTool: Compiling temp_coder_output.py within the sandbox.
2025-08-08 23:08:46,374 - INFO - CompilerTool: temp_coder_output.py compiled successfully.
2025-08-08 23:08:46,374 - INFO - StaticAnalyzerTool: Analyzing temp_coder_output.py with pyflakes within the sandbox.
2025-08-08 23:08:46,396 - WARNING - StaticAnalyzerTool: Static analysis found issues in temp_coder_output.py.
2025-08-08 23:08:46,397 - INFO - CoderAgent: Mutation attempt 1
2025-08-08 23:08:46,397 - INFO - CompilerTool: Compiling temp_coder_output.py within the sandbox.
2025-08-08 23:08:46,397 - INFO - CompilerTool: temp_coder_output.py compiled successfully.
2025-08-08 23:08:46,398 - INFO - StaticAnalyzerTool: Analyzing temp_coder_output.py with pyflakes within the sandbox.
2025-08-08 23:08:46,420 - WARNING - StaticAnalyzerTool: Static analysis found issues in temp_coder_output.py.
2025-08-08 23:08:46,420 - INFO - CoderAgent: Crossover attempt 1
2025-08-08 23:08:46,421 - INFO - CompilerTool: Compiling temp_coder_output.py within the sandbox.
2025-08-08 23:08:46,422 - INFO - CompilerTool: temp_coder_output.py compiled successfully.
2025-08-08 23:08:46,422 - INFO - StaticAnalyzerTool: Analyzing temp_coder_output.py with pyflakes within the sandbox.
2025-08-08 23:08:46,444 - WARNING - StaticAnalyzerTool: Static analysis found issues in temp_coder_output.py.
2025-08-08 23:08:46,801 - INFO - Added gene gen_3_individual_0 to the archive.
2025-08-08 23:08:47,152 - INFO - Added gene gen_3_individual_1 to the archive.
2025-08-08 23:08:47,549 - INFO - Added gene gen_3_individual_2 to the archive.
2025-08-08 23:08:47,905 - INFO - Added gene gen_3_individual_3 to the archive.
2025-08-08 23:08:48,258 - INFO - Added gene gen_3_individual_4 to the archive.
2025-08-08 23:08:48,612 - INFO - Added gene gen_3_individual_5 to the archive.
2025-08-08 23:08:48,968 - INFO - Added gene gen_3_individual_6 to the archive.
2025-08-08 23:08:49,327 - INFO - Added gene gen_3_individual_7 to the archive.
2025-08-08 23:08:49,703 - INFO - Added gene gen_3_individual_8 to the archive.
2025-08-08 23:08:50,061 - INFO - Added gene gen_3_individual_9 to the archive.
2025-08-08 23:08:50,412 - INFO - Added gene gen_3_individual_10 to the archive.
2025-08-08 23:08:50,759 - INFO - Added gene gen_3_individual_11 to the archive.
2025-08-08 23:08:51,122 - INFO - Added gene gen_3_individual_12 to the archive.
2025-08-08 23:08:51,480 - INFO - Added gene gen_3_individual_13 to the archive.
2025-08-08 23:08:51,829 - INFO - Added gene gen_3_individual_14 to the archive.
2025-08-08 23:08:52,185 - INFO - Added gene gen_3_individual_15 to the archive.
2025-08-08 23:08:52,541 - INFO - Added gene gen_3_individual_16 to the archive.
2025-08-08 23:08:52,928 - INFO - Added gene gen_3_individual_17 to the archive.
2025-08-08 23:08:53,343 - INFO - Added gene gen_3_individual_18 to the archive.
2025-08-08 23:08:53,766 - INFO - Added gene gen_3_individual_19 to the archive.
2025-08-08 23:08:53,766 - INFO - Best fitness in generation 4: 150
2025-08-08 23:08:53,766 - INFO - --- Generation 5 ---
2025-08-08 23:08:53,766 - INFO - CoderAgent: Crossover attempt 1
2025-08-08 23:08:53,766 - INFO - CompilerTool: Compiling temp_coder_output.py within the sandbox.
2025-08-08 23:08:53,767 - INFO - CompilerTool: temp_coder_output.py compiled successfully.
2025-08-08 23:08:53,767 - INFO - StaticAnalyzerTool: Analyzing temp_coder_output.py with pyflakes within the sandbox.
2025-08-08 23:08:53,789 - WARNING - StaticAnalyzerTool: Static analysis found issues in temp_coder_output.py.
2025-08-08 23:08:53,790 - INFO - CoderAgent: Crossover attempt 1
2025-08-08 23:08:53,790 - INFO - CompilerTool: Compiling temp_coder_output.py within the sandbox.
2025-08-08 23:08:53,790 - INFO - CompilerTool: temp_coder_output.py compiled successfully.
2025-08-08 23:08:53,791 - INFO - StaticAnalyzerTool: Analyzing temp_coder_output.py with pyflakes within the sandbox.
2025-08-08 23:08:53,812 - WARNING - StaticAnalyzerTool: Static analysis found issues in temp_coder_output.py.
2025-08-08 23:08:53,812 - INFO - CoderAgent: Crossover attempt 1
2025-08-08 23:08:53,813 - INFO - CompilerTool: Compiling temp_coder_output.py within the sandbox.
2025-08-08 23:08:53,813 - INFO - CompilerTool: temp_coder_output.py compiled successfully.
2025-08-08 23:08:53,813 - INFO - StaticAnalyzerTool: Analyzing temp_coder_output.py with pyflakes within the sandbox.
2025-08-08 23:08:53,836 - WARNING - StaticAnalyzerTool: Static analysis found issues in temp_coder_output.py.
2025-08-08 23:08:53,836 - INFO - CoderAgent: Crossover attempt 1
2025-08-08 23:08:53,836 - INFO - CompilerTool: Compiling temp_coder_output.py within the sandbox.
2025-08-08 23:08:53,837 - INFO - CompilerTool: temp_coder_output.py compiled successfully.
2025-08-08 23:08:53,837 - INFO - StaticAnalyzerTool: Analyzing temp_coder_output.py with pyflakes within the sandbox.
2025-08-08 23:08:53,859 - WARNING - StaticAnalyzerTool: Static analysis found issues in temp_coder_output.py.
2025-08-08 23:08:53,859 - INFO - CoderAgent: Crossover attempt 1
2025-08-08 23:08:53,859 - INFO - CompilerTool: Compiling temp_coder_output.py within the sandbox.
2025-08-08 23:08:53,860 - INFO - CompilerTool: temp_coder_output.py compiled successfully.
2025-08-08 23:08:53,860 - INFO - StaticAnalyzerTool: Analyzing temp_coder_output.py with pyflakes within the sandbox.
2025-08-08 23:08:53,882 - WARNING - StaticAnalyzerTool: Static analysis found issues in temp_coder_output.py.
2025-08-08 23:08:53,883 - INFO - CoderAgent: Mutation attempt 1
2025-08-08 23:08:53,883 - INFO - CompilerTool: Compiling temp_coder_output.py within the sandbox.
2025-08-08 23:08:53,883 - INFO - CompilerTool: temp_coder_output.py compiled successfully.
2025-08-08 23:08:53,884 - INFO - StaticAnalyzerTool: Analyzing temp_coder_output.py with pyflakes within the sandbox.
2025-08-08 23:08:53,906 - WARNING - StaticAnalyzerTool: Static analysis found issues in temp_coder_output.py.
2025-08-08 23:08:53,906 - INFO - CoderAgent: Mutation attempt 1
2025-08-08 23:08:53,906 - INFO - CompilerTool: Compiling temp_coder_output.py within the sandbox.
2025-08-08 23:08:53,907 - INFO - CompilerTool: temp_coder_output.py compiled successfully.
2025-08-08 23:08:53,907 - INFO - StaticAnalyzerTool: Analyzing temp_coder_output.py with pyflakes within the sandbox.
2025-08-08 23:08:53,929 - WARNING - StaticAnalyzerTool: Static analysis found issues in temp_coder_output.py.
2025-08-08 23:08:53,929 - INFO - CoderAgent: Crossover attempt 1
2025-08-08 23:08:53,929 - INFO - CompilerTool: Compiling temp_coder_output.py within the sandbox.
2025-08-08 23:08:53,930 - INFO - CompilerTool: temp_coder_output.py compiled successfully.
2025-08-08 23:08:53,930 - INFO - StaticAnalyzerTool: Analyzing temp_coder_output.py with pyflakes within the sandbox.
2025-08-08 23:08:53,952 - WARNING - StaticAnalyzerTool: Static analysis found issues in temp_coder_output.py.
2025-08-08 23:08:53,952 - INFO - CoderAgent: Mutation attempt 1
2025-08-08 23:08:53,953 - INFO - CompilerTool: Compiling temp_coder_output.py within the sandbox.
2025-08-08 23:08:53,953 - INFO - CompilerTool: temp_coder_output.py compiled successfully.
2025-08-08 23:08:53,953 - INFO - StaticAnalyzerTool: Analyzing temp_coder_output.py with pyflakes within the sandbox.
2025-08-08 23:08:53,976 - WARNING - StaticAnalyzerTool: Static analysis found issues in temp_coder_output.py.
2025-08-08 23:08:53,976 - INFO - CoderAgent: Mocking successful mutation.
2025-08-08 23:08:54,325 - INFO - Added gene gen_4_individual_0 to the archive.
2025-08-08 23:08:54,683 - INFO - Added gene gen_4_individual_1 to the archive.
2025-08-08 23:08:55,041 - INFO - Added gene gen_4_individual_2 to the archive.
2025-08-08 23:08:55,397 - INFO - Added gene gen_4_individual_3 to the archive.
2025-08-08 23:08:55,750 - INFO - Added gene gen_4_individual_4 to the archive.
2025-08-08 23:08:56,099 - INFO - Added gene gen_4_individual_5 to the archive.
2025-08-08 23:08:56,452 - INFO - Added gene gen_4_individual_6 to the archive.
2025-08-08 23:08:56,796 - INFO - Added gene gen_4_individual_7 to the archive.
2025-08-08 23:08:57,145 - INFO - Added gene gen_4_individual_8 to the archive.
2025-08-08 23:08:57,508 - INFO - Added gene gen_4_individual_9 to the archive.
2025-08-08 23:08:57,861 - INFO - Added gene gen_4_individual_10 to the archive.
2025-08-08 23:08:58,220 - INFO - Added gene gen_4_individual_11 to the archive.
2025-08-08 23:08:58,579 - INFO - Added gene gen_4_individual_12 to the archive.
2025-08-08 23:08:58,931 - INFO - Added gene gen_4_individual_13 to the archive.
2025-08-08 23:08:59,294 - INFO - Added gene gen_4_individual_14 to the archive.
2025-08-08 23:08:59,648 - INFO - Added gene gen_4_individual_15 to the archive.
2025-08-08 23:08:59,997 - INFO - Added gene gen_4_individual_16 to the archive.
2025-08-08 23:09:00,342 - INFO - Added gene gen_4_individual_17 to the archive.
2025-08-08 23:09:00,696 - INFO - Added gene gen_4_individual_18 to the archive.
2025-08-08 23:09:01,048 - INFO - Added gene gen_4_individual_19 to the archive.
2025-08-08 23:09:01,048 - INFO - Best fitness in generation 5: 150
2025-08-08 23:09:01,048 - INFO - --- Evolutionary Cycle Finished ---
2025-08-08 23:09:01,048 - INFO - Fittest gene found:
def inefficient_sort(data):
    return sorted(data)
2025-08-08 23:09:01,048 - INFO - Evolution complete. Fittest gene saved to gene archive.
